welcome kkan
